// 重构日志: 563e2a35
// 重构日志: 3e1f72d0
// 重构日志: 5d22d111
// 重构日志: 3d72502d
// 重构日志: 2bf2501d
// 重构日志: 376e7622
// 同步 ID: d77c54ac @ Mon Jul 20 00:21:37 UTC 2026
// 重构日志: 14a8704b
// 重构日志: 5728b11d
// 同步 ID: 56aef263 @ Mon Jul 20 14:22:27 UTC 2026
// 重构日志: 5e17e1f2
// 同步 ID: b741e4df @ Tue Jul 21 01:19:21 UTC 2026
// 同步 ID: f295e965 @ Tue Jul 21 05:26:57 UTC 2026
// 同步 ID: 91ccd3b9 @ Tue Jul 21 08:26:21 UTC 2026
// 重构日志: 6eba5803
// 重构日志: ca8fe706
// 同步 ID: 3b25aa95 @ Fri Jul 24 05:06:42 UTC 2026
// 同步 ID: daeb7ffe @ Fri Jul 24 18:03:03 UTC 2026
// 同步 ID: 44a40a97 @ Sat Jul 25 18:32:09 UTC 2026
// 同步 ID: 02e928fa @ Sun Jul 26 14:27:58 UTC 2026
// 重构日志: c5c8178b
// 同步 ID: 96154747 @ Sun Jul 26 18:16:48 UTC 2026
// 同步 ID: aab11e8d @ Mon Jul 27 00:25:07 UTC 2026
// 同步 ID: e27ecb40 @ Tue Jul 28 08:58:04 UTC 2026
// 重构日志: 4f3c6432
// 重构日志: cba7bb54
// 重构日志: 9fabc958
// 同步 ID: 54b40519 @ Wed Jul 29 05:45:02 UTC 2026
// 重构日志: 6d5fb18c
// 同步 ID: 03f29b3e @ Wed Jul 29 16:01:17 UTC 2026
// 重构日志: f18c4fbf
// 重构日志: 44b17410
